[themechills.com/preview/html/eternity/index.html]
[backblue.gif]
[fade.gif]
[index.html]
[themechills.com/preview/html/eternity/img/apple-touch-icon-144-precomposed.png]
[themechills.com/preview/html/eternity/img/apple-touch-icon-114-precomposed.png]
[themechills.com/preview/html/eternity/img/apple-touch-icon-72-precomposed.png]
[themechills.com/preview/html/eternity/img/apple-touch-icon-57-precomposed.png]
[themechills.com/preview/html/eternity/img/favicon.ico]
[www.google-analytics.com/analytics.js]
[themechills.com/preview/html/eternity/img/hero-unit.jpg]
[themechills.com/preview/html/eternity/img/groom.jpg]
[themechills.com/preview/html/eternity/img/bride.jpg]
[themechills.com/preview/html/eternity/img/photo-1.jpg]
[themechills.com/preview/html/eternity/img/photo-2.jpg]
[themechills.com/preview/html/eternity/img/photo-3.jpg]
[themechills.com/preview/html/eternity/img/photo-4-panoramic.jpg]
[themechills.com/preview/html/eternity/img/photo-4.jpg]
[themechills.com/preview/html/eternity/img/photo-5.jpg]
[themechills.com/preview/html/eternity/img/photo-6.jpg]
[themechills.com/preview/html/eternity/img/photo-7.jpg]
[themechills.com/preview/html/eternity/img/photo-8.jpg]
[themechills.com/preview/html/eternity/img/groomsmen-1.jpg]
[themechills.com/preview/html/eternity/img/groomsmen-2.jpg]
[themechills.com/preview/html/eternity/img/groomsmen-3.jpg]
[themechills.com/preview/html/eternity/img/bridesmaid-1.jpg]
[themechills.com/preview/html/eternity/img/bridesmaid-2.jpg]
[themechills.com/preview/html/eternity/img/bridesmaid-3.jpg]
[themechills.com/preview/html/eternity/img/logo-1.png]
[themechills.com/preview/html/eternity/img/logo-2.png]
[themechills.com/preview/html/eternity/img/logo-3.png]
[themechills.com/preview/html/eternity/img/logo-4.png]
[themechills.com/preview/html/eternity/js/vendor/jquery.min.js]
[themechills.com/preview/html/eternity/js/foundation.min.js]
[themechills.com/preview/html/eternity/js/foundation/foundation.abide.js]
[themechills.com/preview/html/eternity/js/vendor/jquery.backstretch.min.js]
[themechills.com/preview/html/eternity/js/vendor/jquery.scrollTo-1.4.3-min.js]
[themechills.com/preview/html/eternity/js/vendor/jquery.nav.min.js]
[themechills.com/preview/html/eternity/js/vendor/jquery.flexslider.js]
[themechills.com/preview/html/eternity/js/custom0be4.js]
[themechills.com/preview/html/eternity/index.html]
[themechills.com/preview/html/eternity/css/normalize.min.css]
[themechills.com/preview/html/eternity/css/foundation.min.css]
[themechills.com/preview/html/eternity/fonts/flexslider-icon.eot]
[themechills.com/preview/html/eternity/fonts/flexslider-icond41d.eot]
[themechills.com/preview/html/eternity/fonts/flexslider-icon.woff]
[themechills.com/preview/html/eternity/css/flexslider.css]
[themechills.com/preview/html/eternity/fonts/ostrich-bold-webfont.eot]
[themechills.com/preview/html/eternity/fonts/ostrich-bold-webfont.woff]
[themechills.com/preview/html/eternity/fonts/ostrich-bold-webfontd41d.eot]
[themechills.com/preview/html/eternity/img/icon-hearts.png]
[themechills.com/preview/html/eternity/img/status.gif]
[themechills.com/preview/html/eternity/css/style0be4.css]
[themechills.com/preview/html/eternity/img/ribbon.png]
[themechills.com/preview/html/eternity/img/icon-hearts@2x.png]
[themechills.com/preview/html/eternity/css/media-queries0be4.css]
[themechills.com/preview/html/eternity/fonts/fontawesome-webfont1fc6.eot]
[themechills.com/preview/html/eternity/fonts/fontawesome-webfontd41d.eot]
[themechills.com/preview/html/eternity/fonts/fontawesome-webfont1fc6.woff]
[themechills.com/preview/html/eternity/css/font-awesome.min.css]
[themechills.com/preview/html/eternity/fonts/flexslider-icon.html]
[themechills.com/preview/html/eternity/fonts/flexslider-icon.svg]
[themechills.com/preview/html/eternity/fonts/ostrich-bold-webfont.html]
[themechills.com/preview/html/eternity/fonts/ostrich-bold-webfont.svg]
[themechills.com/preview/html/eternity/fonts/fontawesome-webfont1fc6.html]
[themechills.com/preview/html/eternity/fonts/fontawesome-webfont1fc6.svg]
